P16 assembler v1.3.99 (Oct  3 2022)	sections/seccoes2.lst	Mon Oct  3 13:34:44 2022

Sections
Index   Name            Addresses       Size
0       .data           0000 - 0002     0003 3
1       .text           0004 - 0013     0010 16

Symbols
Name                    Type      Value       Section
accumulate              LABEL     000C 12     .text
addr_counter            LABEL     0012 18     .text
addr_ptr                LABEL     000A 10     .text
counter                 LABEL     0002 2      .data
ptr                     LABEL     0000 0      .data
strtok                  LABEL     0004 4      .text

Code listing
   1           	/*--------------------------------------------
   2           		Function strtok
   3           	*/
   4           		.data
   5           	ptr:
   6 0000 00 00		.word	0
   7           	
   8           		.text
   9           	strtok:
  10 0004 20 0C		ldr	r0, addr_ptr
  11 0006 00 00		ldr	r0, [r0]
  12           		; ...
  13 0008 0F B7		mov	pc, lr
  14           	
  15           	addr_ptr:
  16 000A 00 00		.word	ptr
  17           	
  18           	/*--------------------------------------------
  19           		Function accumulate;
  20           	*/
  21           		.data
  22           	counter:
  23 0002 00		.byte	0
  24           		
  25           		.text
  26           	accumulate:
  27 000C 20 0C		ldr	r0, addr_counter
  28 000E 00 08		ldrb	r0, [r0]
  29           		; ...
  30 0010 0F B7		mov	pc, lr
  31           	
  32           	addr_counter:
  33 0012 02 00		.word	counter
