P16 assembler v1.4.99 (Jan 10 2024)	multiply.lst	Wed Jan 10 14:22:21 2024

Sections
Index   Name            Address   Size
0       .startup        0000      0012 18
1       .text           1000      0034 52
2       .data           4000      0006 6
3       .stack          4006      0400 1024

Symbols
Name                    Type      Value       Section
_start                  LABEL     0004 4      .startup
addressof_m             LABEL     101C 4124   .text
addressof_main          LABEL     0010 16     .startup
addressof_n             LABEL     101E 4126   .text
addressof_p             LABEL     1020 4128   .text
addressof_q             LABEL     1022 4130   .text
addressof_stack_top     LABEL     000E 14     .startup
line#3                  LABEL     0002 2      .startup
line#9                  LABEL     000C 12     .startup
m                       LABEL     4000 16384  .data
main                    LABEL     1000 4096   .text
multiply                LABEL     1024 4132   .text
n                       LABEL     4001 16385  .data
p                       LABEL     4002 16386  .data
q                       LABEL     4004 16388  .data
stack                   LABEL     4006 16390  .stack
stack_top               LABEL     4406 17414  .stack
while                   LABEL     102A 4138   .text
while_end               LABEL     1030 4144   .text

Code listing
   1           		.section .startup
   2 0000 01 58		b	_start
   3 0002 FF 5B		b	.
   4           	_start:
   5 0004 4D 0C		ldr	sp, addressof_stack_top
   6 0006 80 B7		mov	r0, pc
   7 0008 0E A2		add	lr, r0, #4
   8 000A 2F 0C		ldr	pc, addressof_main
   9 000C FF 5B		b	.
  10           	
  11           	addressof_stack_top:
  12 000E 06 44		.word	stack_top
  13           	addressof_main:
  14 0010 00 10		.word	main
  15           	
  16           		.text
  17           		.data
  18           	
  19           		.stack
  20           	stack:
  21 4006 00   		.space	1024
  21 .... ..
  21 4405 00
  22           	stack_top:
  23           	
  24           	/*---------------------------------------------------
  25           	uint8_t m = 20, n = 3;
  26           	*/
  27           		.data
  28           	m:
  29 4000 14		.byte	20
  30           	n:
  31 4001 03		.byte	3
  32           	
  33           	/*---------------------------------------------------
  34           	uint16_t p, q;
  35           	*/
  36           	
  37           	p:
  38 4002 00 00		.word	0
  39           	q:
  40 4004 00 00		.word	0
  41           	
  42           	/*---------------------------------------------------
  43           	int main() {
  44           		p = multiply(m, n);
  45           		q = multiply(4, 7);
  46           	}
  47           	*/
  48           		.text
  49           	main:
  50 1000 0E 24		push	lr
  51 1002 C0 0C		ldr	r0, addressof_m
  52 1004 00 08		ldrb	r0, [r0]
  53 1006 B1 0C		ldr	r1, addressof_n
  54 1008 11 08		ldrb	r1, [r1]
  55 100A 0C 5C		bl	multiply
  56 100C 91 0C		ldr	r1, addressof_p
  57 100E 10 20		str	r0, [r1]
  58 1010 40 60		mov	r0, #4
  59 1012 71 60		mov	r1, #7
  60 1014 07 5C		bl	multiply
  61 1016 51 0C		ldr	r1, addressof_q
  62 1018 10 20		str	r0, [r1]
  63 101A 0F 04		pop	pc
  64           	
  65           	addressof_m:
  66 101C 00 40		.word	m
  67           	addressof_n:
  68 101E 01 40		.word	n
  69           	addressof_p:
  70 1020 02 40		.word	p
  71           	addressof_q:
  72 1022 04 40		.word	q
  73           	
  74           	/*---------------------------------------------------
  75           	<r0> uint16_t multiply(<r0> uint8_t multiplicand, <r1> uint8_t multiplier) {
  76           		<r2> uint16_t product = 0;
  77           		while (multiplier > 0) {
  78           			product += multiplicand;
  79           			multiplier--;
  80           		}
  81           		<r0> return product;
  82           	}
  83           	*/
  84           	multiply:
  85 1024 02 60		mov	r2, #0
  86 1026 11 A0		add	r1, r1, #0
  87 1028 03 40		bzs	while_end
  88           	while:
  89 102A 22 80		add	r2, r2, r0
  90 102C 91 A8		sub	r1, r1, #1
  91 102E FD 47		bzc	while
  92           	while_end:
  93 1030 00 B1		mov	r0, r2
  94 1032 0F B7		mov	pc, lr
  94           	
